created vagrant-vms directory on d drive of pc from bash


akhil@AKHIL MINGW64 ~
$ vagrant --version
Vagrant 2.4.3

akhil@AKHIL MINGW64 ~
$  cd /d/vagrant-vms/centos

akhil@AKHIL MINGW64 /d/vagrant-vms/centos
$ ls
Vagrantfile

download vagrant boxs of centos stram9 and ubuntu jammy from vagrant cloud


akhil@AKHIL MINGW64 /d/vagrant-vms/centos
$ vagrant box list
eurolinux-vagrant/centos-stream-9 (virtualbox, 9.0.48, (amd64))

akhil@AKHIL MINGW64 /d/vagrant-vms/centos
$ vagrant up
Bringing machine 'default' up with 'virtualbox' provider...
==> default: Checking if box 'eurolinux-vagrant/centos-stream-9' version '9.0.48' is up to date...
==> default: Clearing any previously set forwarded ports...
==> default: Clearing any previously set network interfaces...
==> default: Preparing network interfaces based on configuration...
    default: Adapter 1: nat
==> default: Forwarding ports...
    default: 22 (guest) => 2222 (host) (adapter 1)
==> default: Booting VM...
==> default: Waiting for machine to boot. This may take a few minutes...
    default: SSH address: 127.0.0.1:2222
    default: SSH username: vagrant
    default: SSH auth method: private key
    default:
    default: Vagrant insecure key detected. Vagrant will automatically replace
    default: this with a newly generated keypair for better security.
    default:
    default: Inserting generated public key within guest...
    default: Removing insecure key from the guest if it's present...
    default: Key inserted! Disconnecting and reconnecting using new SSH key...
==> default: Machine booted and ready!
==> default: Checking for guest additions in VM...
    default: No guest additions were detected on the base box for this VM! Guest
    default: additions are required for forwarded ports, shared folders, host only
    default: networking, and more. If SSH fails on this machine, please install
    default: the guest additions and repackage the box to continue.
    default:
    default: This is not an error message; everything may continue to work properly,
    default: in which case you may ignore this message.
==> default: Rsyncing folder: /cygdrive/d/vagrant-vms/centos/ => /vagrant

akhil@AKHIL MINGW64 /d/vagrant-vms/centos
$ vagrant status
Current machine states:

default                   running (virtualbox)

akhil@AKHIL MINGW64 /d/vagrant-vms/centos
$ vagrant ssh
This box was generated by EuroLinux

Any suggestions are welcome at https://github.com/EuroLinux/cloud-images-rfc/

Happy using.
To delete this message use:
echo '' > /etc/motd
[vagrant@vbox ~]$ pwd
/home/vagrant
[vagrant@vbox ~]$ sudo -i
[root@vbox ~]# whoami
root
[root@vbox ~]# vagrant halt
-bash: vagrant: command not found
[root@vbox ~]# exit
logout
[vagrant@vbox ~]$ exit
logout



/////commands for vagrant for vm


vagrant halt
vagrant reload 
vagrant ssh                     >>>> for login
vagrant up                      >>>> start
vagrant destroy
vagrant status
vagrant box list
vagrant global-status

TO Edit VM memory,ip,cpu,ram
----------------------------
vagrant reload     >>>> after editing vagrant files through vs code and added vp.cpus ="2" ,public network ,vp.memory ="1600" ,ip address
free -m                         >>>>find ram usage
cat /proc/cpuinfo               >>>> find cpu cores


TO SYNC directorys of host and guest
------------------------------------

#config.vm.synced_folder   edited for maping a folder created in host machine to vm>>>> config.vm.synced_folder "D:\\dev\\ops", "/opt/scripts"
/opt/scripts is guest machine folder 
dev/ops is host machinefolder


PROVISIONING /bootstrapping (executing script when vm comes up ) 
------------------------------------------------
config.vm.provision "shell", inline: <<-SHELL      <<<<edit this
apt-get update
apt-get install -y apache2
SHELL

$ vagrant reload --provision



